Traceback (most recent call last):
  File "/Users/dattakambagi/Desktop/App/server.py", line 142, in <module>
 [24/Sep/2026 10:02:20] HEAD / HTTP/1.1 - 200
[24/Sep/2026 10:03:12] HEAD / HTTP/1.1 - 200
[24/Sep/2026 10:05:41] GET /assets/assets/images/explore/taj_bawdi.jpg HTTP/1.1 - 200
[24/Sep/2026 10:05:41] GET /assets/assets/images/explore/gagan_mahal_photo_1.jpg HTTP/1.1 - 200
[24/Sep/2026 10:05:41] GET /assets/assets/images/explore/asar_mahal_pic_by_ramesh_chavan.jpg HTTP/1.1 - 200
[24/Sep/2026 10:05:41] GET /assets/assets/images/explore/shivagiri.jpg HTTP/1.1 - 200
[24/Sep/2026 10:05:41] GET /assets/assets/images/explore/jod_gumbaz.png HTTP/1.1 - 200
[24/Sep/2026 10:05:41] GET /assets/assets/images/explore/citadel_moat_water_trench.jpg HTTP/1.1 - 200
[24/Sep/2026 10:05:41] GET /assets/assets/images/explore/04_Sangeeth_Mahal_Toravi.png HTTP/1.1 - 200
[24/Sep/2026 10:05:41] GET /assets/assets/images/explore/25_Shri_Dattatreya_Temple_Chattaraki_Chalukyan_Entrance_Steps.jpeg HTTP/1.1 - 200
[24/Sep/2026 10:05:41] GET /assets/assets/images/explore/upli_burj.jpg HTTP/1.1 - 200
[24/Sep/2026 10:05:41] GET /assets/assets/images/explore/03_Shri_Narasimha_Temple_Toravi_Entrance.jpeg HTTP/1.1 - 200
[24/Sep/2026 10:05:41] GET /assets/assets/images/explore/mulk_e_maidan_biggest_cannon.jpg HTTP/1.1 - 200
[24/Sep/2026 10:05:42] GET /assets/assets/images/explore/jamiya_masjid_by_ramesh_chavan.jpg HTTP/1.1 - 200
[24/Sep/2026 10:05:42] GET /assets/assets/images/explore/barah_kaman.jpg HTTP/1.1 - 200
[24/Sep/2026 10:05:44] GET /assets/assets/images/branding/karnataka_tourism_logo.png HTTP/1.1 - 200
[24/Sep/2026 10:05:44] GET /assets/assets/images/explore/barah_kaman.jpg HTTP/1.1 - 200
[24/Sep/2026 10:05:44] GET /assets/assets/routes/one_day/one_day_vijayapura_route.png HTTP/1.1 - 200
[24/Sep/2026 10:05:47] GET /assets/assets/images/explore/25_Shri_Dattatreya_Temple_Chattaraki_Chalukyan_Entrance_Steps.jpeg HTTP/1.1 - 200
[24/Sep/2026 10:05:47] GET /assets/assets/images/explore/summer_palace_kumatagi.jpg HTTP/1.1 - 200
[24/Sep/2026 10:05:47] GET /assets/assets/images/explore/archaeological_museum_02.jpg HTTP/1.1 - 200
[24/Sep/2026 10:05:47] GET /assets/assets/images/explore/taj_bawdi.jpg HTTP/1.1 - 200
[24/Sep/2026 10:05:47] GET /assets/assets/images/explore/gagan_mahal_photo_1.jpg HTTP/1.1 - 200
[24/Sep/2026 10:05:47] GET /assets/assets/images/explore/asar_mahal_pic_by_ramesh_chavan.jpg HTTP/1.1 - 200
[24/Sep/2026 10:05:47] GET /assets/assets/images/explore/shivagiri.jpg HTTP/1.1 - 200
[24/Sep/2026 10:05:47] GET /assets/assets/images/explore/jod_gumbaz.png HTTP/1.1 - 200
[24/Sep/2026 10:05:47] GET /assets/assets/images/explore/04_Sangeeth_Mahal_Toravi.png HTTP/1.1 - 200
[24/Sep/2026 10:05:47] GET /assets/assets/images/explore/jamiya_masjid_by_ramesh_chavan.jpg HTTP/1.1 - 200
[24/Sep/2026 10:05:47] GET /assets/assets/images/explore/upli_burj.jpg HTTP/1.1 - 200
[24/Sep/2026 10:05:47] GET /assets/assets/images/explore/03_Shri_Narasimha_Temple_Toravi_Entrance.jpeg HTTP/1.1 - 200
[24/Sep/2026 10:05:47] GET /assets/assets/images/explore/mulk_e_maidan_biggest_cannon.jpg HTTP/1.1 - 200
[24/Sep/2026 10:08:00] GET /assets/assets/images/branding/karnataka_tourism_logo.png HTTP/1.1 - 200
[24/Sep/2026 10:08:00] GET /assets/assets/routes/one_day/one_day_vijayapura_route.png HTTP/1.1 - 200
[24/Sep/2026 10:08:35] HEAD /assets/assets/images/explore/ainapur_tomb.png HTTP/1.1 - 200
[24/Sep/2026 10:11:03] GET / HTTP/1.1 - 200
[24/Sep/2026 10:11:03] GET /flutter_bootstrap.js HTTP/1.1 - 200
[24/Sep/2026 10:11:03] GET /manifest.json HTTP/1.1 - 200
[24/Sep/2026 10:11:03] GET /main.dart.js HTTP/1.1 - 200
[24/Sep/2026 10:11:03] GET /favicon.png HTTP/1.1 - 200
[24/Sep/2026 10:11:03] GET /icons/Icon-192.png HTTP/1.1 - 200
[24/Sep/2026 10:11:04] GET /assets/FontManifest.json HTTP/1.1 - 200
[24/Sep/2026 10:11:04] GET /assets/fonts/MaterialIcons-Regular.otf HTTP/1.1 - 200
[24/Sep/2026 10:11:04] GET /assets/packages/cupertino_icons/assets/CupertinoIcons.ttf HTTP/1.1 - 200
[24/Sep/2026 10:11:05] GET /assets/AssetManifest.bin.json HTTP/1.1 - 200
[24/Sep/2026 10:11:06] GET /assets/assets/images/branding/vijayapura_tourism_logo.jpg HTTP/1.1 - 200
[24/Sep/2026 10:11:06] GET /assets/assets/images/branding/karnataka_tourism_logo.png HTTP/1.1 - 200
[24/Sep/2026 10:11:06] GET /assets/assets/images/branding/bldeacet_logo.jpg HTTP/1.1 - 200
[24/Sep/2026 10:11:06] GET /assets/assets/images/explore/golgumbaz_2_by_ramesh_chavan.jpg HTTP/1.1 - 200
[24/Sep/2026 10:11:06] GET /assets/assets/images/explore/ibrahim_rouza_1_by_ramesh_chavan.jpg HTTP/1.1 - 200
[24/Sep/2026 10:11:06] GET /assets/assets/images/explore/barah_kaman.jpg HTTP/1.1 - 200
[24/Sep/2026 10:11:06] GET /assets/assets/routes/one_day/one_day_vijayapura_route.png HTTP/1.1 - 200
[24/Sep/2026 10:11:12] GET /assets/assets/images/branding/vijayapura_tourism_logo.jpg HTTP/1.1 - 200
[24/Sep/2026 10:11:12] GET /assets/assets/images/branding/karnataka_tourism_logo.png HTTP/1.1 - 200
[24/Sep/2026 10:11:12] GET /assets/assets/images/branding/bldeacet_logo.jpg HTTP/1.1 - 200
[24/Sep/2026 10:12:49] GET /assets/assets/routes/one_day/one_day_vijayapura_route.png HTTP/1.1 - 200
[24/Sep/2026 10:12:49] GET /assets/assets/images/explore/barah_kaman.jpg HTTP/1.1 - 200
[24/Sep/2026 10:12:49] GET /assets/assets/images/explore/ibrahim_rouza_1_by_ramesh_chavan.jpg HTTP/1.1 - 200
[24/Sep/2026 10:12:52] GET /assets/assets/images/explore/sri_basaveshwara_temple_basavana_bagewadi.jpg HTTP/1.1 - 200
[24/Sep/2026 10:12:52] GET /assets/assets/images/explore/mulk_e_maidan_biggest_cannon.jpg HTTP/1.1 - 200
[24/Sep/2026 10:12:52] GET /assets/assets/images/explore/jamiya_masjid_by_ramesh_chavan.jpg HTTP/1.1 - 200
[24/Sep/2026 10:12:52] GET /assets/assets/images/explore/taj_bawdi.jpg HTTP/1.1 - 200
[24/Sep/2026 10:12:53] GET /assets/assets/images/explore/shivagiri.jpg HTTP/1.1 - 200
[24/Sep/2026 10:12:53] GET /assets/assets/images/explore/asar_mahal_pic_by_ramesh_chavan.jpg HTTP/1.1 - 200
[24/Sep/2026 10:12:53] GET /assets/assets/images/explore/gagan_mahal_photo_1.jpg HTTP/1.1 - 200
[24/Sep/2026 10:12:53] GET /assets/assets/images/explore/citadel_moat_water_trench.jpg HTTP/1.1 - 200
[24/Sep/2026 10:12:53] GET / HTTP/1.1 - 200
[24/Sep/2026 10:12:53] GET /assets/assets/images/explore/jod_gumbaz.png HTTP/1.1 - 200
[24/Sep/2026 10:12:53] GET /assets/assets/images/explore/04_Sangeeth_Mahal_Toravi.png HTTP/1.1 - 200
[24/Sep/2026 10:12:53] GET /assets/assets/images/explore/03_Shri_Narasimha_Temple_Toravi_Entrance.jpeg HTTP/1.1 - 200
[24/Sep/2026 10:12:54] GET /assets/assets/images/explore/upli_burj.jpg HTTP/1.1 - 200
[24/Sep/2026 10:12:54] GET /assets/assets/images/explore/mehtar_mahal_2.jpg HTTP/1.1 - 200
[24/Sep/2026 10:12:54] GET /assets/assets/images/explore/almatti_dam_site_view_1.jpg HTTP/1.1 - 200
[24/Sep/2026 10:12:54] GET /assets/assets/images/explore/archaeological_museum_02.jpg HTTP/1.1 - 200
[24/Sep/2026 10:12:55] GET /assets/assets/images/explore/ainapur_tomb.png HTTP/1.1 - 200
[24/Sep/2026 10:12:55] GET /assets/assets/images/explore/jahan_begum_tomb.png HTTP/1.1 - 200
[24/Sep/2026 10:12:55] GET /assets/assets/images/explore/summer_palace_kumatagi.jpg HTTP/1.1 - 200
[24/Sep/2026 10:12:58] GET /assets/assets/images/explore/25_Shri_Dattatreya_Temple_Chattaraki_Chalukyan_Entrance_Steps.jpeg HTTP/1.1 - 200
[24/Sep/2026 10:12:58] GET /assets/assets/images/explore/05_Shri_Lakshmi_Temple_Toravi_Premises.png HTTP/1.1 - 200
[24/Sep/2026 10:12:59] GET /assets/assets/images/explore/upli_burj.jpg HTTP/1.1 - 200
[24/Sep/2026 10:12:59] GET /assets/assets/images/explore/03_Shri_Narasimha_Temple_Toravi_Entrance.jpeg HTTP/1.1 - 200
[24/Sep/2026 10:12:59] GET /assets/assets/images/explore/04_Sangeeth_Mahal_Toravi.png HTTP/1.1 - 200
[24/Sep/2026 10:13:00] GET /assets/assets/images/explore/jod_gumbaz.png HTTP/1.1 - 200
[24/Sep/2026 10:13:01] GET /assets/assets/images/explore/citadel_moat_water_trench.jpg HTTP/1.1 - 200
[24/Sep/2026 10:13:02] GET /assets/assets/images/explore/gagan_mahal_photo_1.jpg HTTP/1.1 - 200
[24/Sep/2026 10:13:03] GET /assets/assets/images/explore/archaeological_museum_02.jpg HTTP/1.1 - 200
[24/Sep/2026 10:13:03] GET /assets/assets/images/explore/ainapur_tomb.png HTTP/1.1 - 200
[24/Sep/2026 10:13:03] GET /assets/assets/images/explore/jahan_begum_tomb.png HTTP/1.1 - 200
[24/Sep/2026 10:13:03] GET /assets/assets/images/explore/summer_palace_kumatagi.jpg HTTP/1.1 - 200
[24/Sep/2026 10:13:03] GET /assets/assets/images/explore/25_Shri_Dattatreya_Temple_Chattaraki_Chalukyan_Entrance_Steps.jpeg HTTP/1.1 - 200
[24/Sep/2026 10:13:03] GET /assets/assets/images/explore/05_Shri_Lakshmi_Temple_Toravi_Premises.png HTTP/1.1 - 200
[24/Sep/2026 10:13:03] GET /assets/assets/images/explore/06_Shri_Daridevar_Temple_Kanamadi_View_1.png HTTP/1.1 - 200
[24/Sep/2026 10:13:04] GET /assets/assets/images/explore/07_Shri_Amoghsiddeshwar_Temple_Jalageri_Arakeri_Steps_Gopura.png HTTP/1.1 - 200
[24/Sep/2026 10:13:04] GET /assets/assets/images/explore/08_Shri_Vagdevi_Temple_Dyaberi_Temple_Exterior.png HTTP/1.1 - 200
[24/Sep/2026 10:13:04] GET /assets/assets/images/explore/10_Shri_Sangamanath_Temple_Uppaladinni_Entrance_Gopuram.jpg HTTP/1.1 - 200
[24/Sep/2026 10:13:04] GET /assets/assets/images/explore/11_Shri_Haralayana_Gunda_Temple_Shegunashi_Shrine.png HTTP/1.1 - 200
[24/Sep/2026 10:13:04] GET /assets/assets/images/explore/12_Hazimastan_Darga_Tikota_Front_View.png HTTP/1.1 - 200
[24/Sep/2026 10:13:04] GET /assets/assets/images/explore/15_Birthplace_of_Basavanna_Ingaleshwar_Temple_Exterior.png HTTP/1.1 - 200
[24/Sep/2026 10:13:04] GET /assets/assets/images/explore/16_Shri_Yalagureshwar_Anjaneya_Temple_Yalaguru_Rajagopuram.png HTTP/1.1 - 200
[24/Sep/2026 10:13:04] GET /assets/assets/images/explore/17_Shri_Nilambike_Temple_Tangadagi_Entrance_Bridge.jpeg HTTP/1.1 - 200
[24/Sep/2026 10:13:04] GET /assets/assets/images/explore/18_Shri_Kotturu_Basaveshwar_Temple_Koluru_Deity_Idols.png HTTP/1.1 - 200
[24/Sep/2026 10:13:04] GET /assets/assets/images/explore/18_19_Shri_Kotturu_Basaveshwar_and_Ishwarlinga_Temple_Koluru_Arch.jpeg HTTP/1.1 - 200
[24/Sep/2026 10:13:04] GET /assets/assets/images/explore/20_Shri_Revan_Siddeshwar_Temple_Horti_Towering_Rajagopuram.png HTTP/1.1 - 200
[24/Sep/2026 10:13:04] GET /assets/assets/images/explore/21_Shri_Jattingeshwar_Temple_Hireroogi_Temple_Complex.png HTTP/1.1 - 200
[24/Sep/2026 10:13:04] GET /assets/assets/images/explore/22_Shri_Shivayogeshwar_Temple_Salotagi_Temple_Architecture.jpeg HTTP/1.1 - 200
[24/Sep/2026 10:13:05] GET /assets/assets/images/explore/23_Shri_Prabhulingeshwar_Temple_Halasangi_Temple_Structure.png HTTP/1.1 - 200
[24/Sep/2026 10:13:05] GET /assets/assets/images/explore/24_Shri_Daval_Malik_Darga_Yankanchi_Green_Dome_Tomb.png HTTP/1.1 - 200
[24/Sep/2026 10:13:05] GET /assets/assets/images/explore/26_Shri_Someshwar_Temple_Kadlewad_Complex_Front_View.png HTTP/1.1 - 200
[24/Sep/2026 10:13:05] GET /assets/assets/images/explore/27_Shri_Mallayya_Temple_Devar_Hipparagi_Entrance_Mahadwara.png HTTP/1.1 - 200
[24/Sep/2026 10:13:05] GET /assets/assets/images/explore/28_Shri_Madival_Machidevar_Temple_Devara_Hipparagi_Gopuram_Entrance.png HTTP/1.1 - 200
[24/Sep/2026 10:13:05] GET /assets/assets/images/explore/30_Sariputra_Bhodhidamma_Buddha_Vihar_Vijayapura_White_Dome.png HTTP/1.1 - 200
[24/Sep/2026 10:13:05] GET /assets/assets/images/explore/31_Shri_Guru_Sadashiv_Math_Katakanahalli_Ashram_Entrance.png HTTP/1.1 - 200
[24/Sep/2026 10:13:05] GET /assets/assets/images/explore/32_Shri_Siddalinga_Maharaj_Math_Lachyan_Golden_Shrine_Murti.png HTTP/1.1 - 200
[24/Sep/2026 10:13:05] GET /assets/assets/images/explore/33_Shri_Shankarlinga_Temple_Dulkhed_Temple_Courtyard.jpg HTTP/1.1 - 200
[24/Sep/2026 10:13:05] GET /assets/assets/images/explore/siddeshwar_tree_park_savalasanga.png HTTP/1.1 - 200
[24/Sep/2026 10:15:23] GET /assets/assets/routes/one_day/one_day_vijayapura_route.png HTTP/1.1 - 200
[24/Sep/2026 10:15:23] GET /assets/assets/images/explore/siddeshwar_tree_park_savalasanga.png HTTP/1.1 - 200
[24/Sep/2026 10:15:23] GET /assets/assets/images/explore/33_Shri_Shankarlinga_Temple_Dulkhed_Temple_Courtyard.jpg HTTP/1.1 - 200
[24/Sep/2026 10:15:23] GET /assets/assets/images/explore/32_Shri_Siddalinga_Maharaj_Math_Lachyan_Golden_Shrine_Murti.png HTTP/1.1 - 200
[24/Sep/2026 10:15:23] GET /assets/assets/images/explore/ibrahim_rouza_1_by_ramesh_chavan.jpg HTTP/1.1 - 200
[24/Sep/2026 10:15:29] GET /assets/assets/routes/one_day/one_day_vijayapura_route.png HTTP/1.1 - 200
[24/Sep/2026 10:15:29] GET /assets/assets/images/explore/siddeshwar_tree_park_savalasanga.png HTTP/1.1 - 200
[24/Sep/2026 10:15:29] GET /assets/assets/images/explore/32_Shri_Siddalinga_Maharaj_Math_Lachyan_Golden_Shrine_Murti.png HTTP/1.1 - 200
[24/Sep/2026 10:15:29] GET /assets/assets/images/explore/ibrahim_rouza_1_by_ramesh_chavan.jpg HTTP/1.1 - 200
[24/Sep/2026 10:15:29] GET /assets/assets/images/explore/33_Shri_Shankarlinga_Temple_Dulkhed_Temple_Courtyard.jpg HTTP/1.1 - 200
[24/Sep/2026 10:15:32] GET / HTTP/1.1 - 200
[24/Sep/2026 10:15:32] GET /flutter_bootstrap.js HTTP/1.1 - 200
[24/Sep/2026 10:15:32] GET /main.dart.js HTTP/1.1 - 200
[24/Sep/2026 10:15:32] GET /manifest.json HTTP/1.1 - 200
[24/Sep/2026 10:15:32] GET /favicon.png HTTP/1.1 - 200
[24/Sep/2026 10:15:32] GET /icons/Icon-192.png HTTP/1.1 - 200
[24/Sep/2026 10:15:32] GET /assets/FontManifest.json HTTP/1.1 - 200
[24/Sep/2026 10:15:32] GET /assets/fonts/MaterialIcons-Regular.otf HTTP/1.1 - 200
[24/Sep/2026 10:15:32] GET /assets/packages/cupertino_icons/assets/CupertinoIcons.ttf HTTP/1.1 - 200
[24/Sep/2026 10:15:32] GET /assets/AssetManifest.bin.json HTTP/1.1 - 200
[24/Sep/2026 10:15:32] GET /assets/assets/images/branding/karnataka_tourism_logo.png HTTP/1.1 - 200
[24/Sep/2026 10:15:52] GET /assets/assets/images/branding/vijayapura_tourism_logo.jpg HTTP/1.1 - 200
[24/Sep/2026 10:15:52] GET /assets/assets/images/branding/bldeacet_logo.jpg HTTP/1.1 - 200
[24/Sep/2026 10:15:52] GET /assets/assets/images/explore/golgumbaz_2_by_ramesh_chavan.jpg HTTP/1.1 - 200
[24/Sep/2026 10:15:52] GET /assets/assets/images/explore/ibrahim_rouza_1_by_ramesh_chavan.jpg HTTP/1.1 - 200
[24/Sep/2026 10:15:52] GET /assets/assets/images/explore/barah_kaman.jpg HTTP/1.1 - 200
[24/Sep/2026 10:15:52] GET /assets/assets/routes/one_day/one_day_vijayapura_route.png HTTP/1.1 - 200
[24/Sep/2026 10:21:31] GET / HTTP/1.1 - 200
[24/Sep/2026 10:21:31] GET /flutter_bootstrap.js HTTP/1.1 - 200
[24/Sep/2026 10:21:31] GET /manifest.json HTTP/1.1 - 200
[24/Sep/2026 10:21:31] GET /main.dart.js HTTP/1.1 - 200
[24/Sep/2026 10:21:32] GET /assets/FontManifest.json HTTP/1.1 - 200
[24/Sep/2026 10:21:32] GET /assets/fonts/MaterialIcons-Regular.otf HTTP/1.1 - 200
[24/Sep/2026 10:21:32] GET /assets/packages/cupertino_icons/assets/CupertinoIcons.ttf HTTP/1.1 - 200
[24/Sep/2026 10:21:32] GET /icons/Icon-192.png HTTP/1.1 - 200
[24/Sep/2026 10:21:34] GET /assets/AssetManifest.bin.json HTTP/1.1 - 200
[24/Sep/2026 10:21:43] GET /assets/assets/images/branding/vijayapura_tourism_logo.jpg HTTP/1.1 - 200
[24/Sep/2026 10:21:43] GET /assets/assets/images/branding/karnataka_tourism_logo.png HTTP/1.1 - 200
[24/Sep/2026 10:21:43] GET /assets/assets/images/branding/bldeacet_logo.jpg HTTP/1.1 - 200
[24/Sep/2026 10:22:31] GET /assets/assets/images/explore/golgumbaz_2_by_ramesh_chavan.jpg HTTP/1.1 - 200
[24/Sep/2026 10:22:31] GET /assets/assets/images/explore/ibrahim_rouza_1_by_ramesh_chavan.jpg HTTP/1.1 - 200
[24/Sep/2026 10:22:31] GET /assets/assets/images/explore/barah_kaman.jpg HTTP/1.1 - 200
[24/Sep/2026 10:22:31] GET /assets/assets/routes/one_day/one_day_vijayapura_route.png HTTP/1.1 - 200
[24/Sep/2026 10:22:34] GET /assets/assets/images/explore/sri_basaveshwara_temple_basavana_bagewadi.jpg HTTP/1.1 - 200
[24/Sep/2026 10:22:34] GET /assets/assets/images/explore/mulk_e_maidan_biggest_cannon.jpg HTTP/1.1 - 200
[24/Sep/2026 10:22:35] GET /assets/assets/images/explore/ali_ii_rouza_bara_kaman_2.jpg HTTP/1.1 - 200
[24/Sep/2026 10:22:35] GET /assets/assets/images/monuments/bara_kaman.jpg HTTP/1.1 - 200
[24/Sep/2026 10:22:39] GET /assets/assets/routes/one_day/one_day_vijayapura_route.png HTTP/1.1 - 200
[24/Sep/2026 10:22:39] GET /assets/assets/images/explore/sri_basaveshwara_temple_basavana_bagewadi.jpg HTTP/1.1 - 200
[24/Sep/2026 10:22:39] GET /assets/assets/images/explore/golgumbaz_2_by_ramesh_chavan.jpg HTTP/1.1 - 200
[24/Sep/2026 10:22:39] GET /assets/assets/images/explore/mulk_e_maidan_biggest_cannon.jpg HTTP/1.1 - 200
[24/Sep/2026 10:22:46] GET /assets/assets/images/explore/barah_kaman.jpg HTTP/1.1 - 200
[24/Sep/2026 10:22:53] GET /assets/assets/routes/one_day/one_day_vijayapura_route.png HTTP/1.1 - 200
[24/Sep/2026 10:22:53] GET /assets/assets/images/explore/mulk_e_maidan_biggest_cannon.jpg HTTP/1.1 - 200
[24/Sep/2026 10:22:53] GET /assets/assets/images/explore/golgumbaz_2_by_ramesh_chavan.jpg HTTP/1.1 - 200
[24/Sep/2026 10:22:53] GET /assets/assets/images/explore/sri_basaveshwara_temple_basavana_bagewadi.jpg HTTP/1.1 - 200
[24/Sep/2026 10:22:55] GET /assets/assets/images/explore/jamiya_masjid_by_ramesh_chavan.jpg HTTP/1.1 - 200
[24/Sep/2026 10:22:55] GET /assets/assets/images/explore/taj_bawdi.jpg HTTP/1.1 - 200
[24/Sep/2026 10:22:57] GET /assets/assets/images/explore/shivagiri.jpg HTTP/1.1 - 200
[24/Sep/2026 10:22:57] GET /assets/assets/images/explore/asar_mahal_pic_by_ramesh_chavan.jpg HTTP/1.1 - 200
[24/Sep/2026 10:22:57] GET /assets/assets/images/explore/gagan_mahal_photo_1.jpg HTTP/1.1 - 200
[24/Sep/2026 10:22:57] GET /assets/assets/images/explore/citadel_moat_water_trench.jpg HTTP/1.1 - 200
[24/Sep/2026 10:22:57] GET / HTTP/1.1 - 200
[24/Sep/2026 10:23:01] GET /assets/assets/images/explore/shivagiri_3.jpg HTTP/1.1 - 200
[24/Sep/2026 10:23:01] GET /assets/assets/images/explore/shivagiri_5.jpg HTTP/1.1 - 200
[24/Sep/2026 10:23:01] GET /assets/assets/images/explore/29_Shivagiri_Vijayapura_Giant_85ft_Shiva_Statue.png HTTP/1.1 - 200
[24/Sep/2026 10:23:01] GET /assets/assets/images/explore/29_Shivagiri_Vijayapura_Nandi_and_Shivalinga_Shrine.png HTTP/1.1 - 200
[24/Sep/2026 10:23:06] GET /assets/assets/routes/one_day/one_day_vijayapura_route.png HTTP/1.1 - 200
[24/Sep/2026 10:23:06] GET /assets/assets/images/explore/gagan_mahal_photo_1.jpg HTTP/1.1 - 200
[24/Sep/2026 10:23:06] GET /assets/assets/images/explore/asar_mahal_pic_by_ramesh_chavan.jpg HTTP/1.1 - 200
[24/Sep/2026 10:23:06] GET /assets/assets/images/explore/taj_bawdi.jpg HTTP/1.1 - 200
[24/Sep/2026 10:23:06] GET /assets/assets/images/explore/golgumbaz_2_by_ramesh_chavan.jpg HTTP/1.1 - 200
[24/Sep/2026 10:23:08] GET /assets/assets/images/explore/jamiya_masjid_by_ramesh_chavan.jpg HTTP/1.1 - 200
[24/Sep/2026 10:23:08] GET /assets/assets/images/explore/mulk_e_maidan_biggest_cannon.jpg HTTP/1.1 - 200
[24/Sep/2026 10:23:08] GET /assets/assets/images/explore/sri_basaveshwara_temple_basavana_bagewadi.jpg HTTP/1.1 - 200
[24/Sep/2026 10:23:08] GET /assets/assets/images/explore/barah_kaman.jpg HTTP/1.1 - 200
[24/Sep/2026 10:23:09] GET /assets/assets/images/explore/golgumbaz_3.jpg HTTP/1.1 - 200
[24/Sep/2026 10:23:09] GET /assets/assets/images/explore/golgumbaz_in_tri_color.jpg HTTP/1.1 - 200
[24/Sep/2026 10:23:09] GET /assets/assets/images/explore/dsc_0997.jpg HTTP/1.1 - 200
[24/Sep/2026 10:23:09] GET /assets/assets/images/monuments/gol_gumbaz.jpg HTTP/1.1 - 200
[24/Sep/2026 10:23:09] GET /assets/assets/images/explore/01_Golgumbaz_Vijayapura.png HTTP/1.1 - 200
[24/Sep/2026 10:23:30] GET /assets/assets/routes/one_day/one_day_vijayapura_route.png HTTP/1.1 - 200
[24/Sep/2026 10:23:30] GET /assets/assets/images/explore/barah_kaman.jpg HTTP/1.1 - 200
[24/Sep/2026 10:23:30] GET /assets/assets/images/branding/karnataka_tourism_logo.png HTTP/1.1 - 200
[24/Sep/2026 10:23:30] GET /assets/assets/images/branding/bldeacet_logo.jpg HTTP/1.1 - 200
[24/Sep/2026 10:23:30] GET /assets/assets/images/branding/vijayapura_tourism_logo.jpg HTTP/1.1 - 200
[24/Sep/2026 10:24:26] GET /assets/assets/routes/one_day/one_day_vijayapura_route.png HTTP/1.1 - 200
[24/Sep/2026 10:24:26] GET /assets/assets/images/explore/golgumbaz_2_by_ramesh_chavan.jpg HTTP/1.1 - 200
[24/Sep/2026 10:24:26] GET /assets/assets/images/explore/barah_kaman.jpg HTTP/1.1 - 200
[24/Sep/2026 10:24:33] GET /assets/assets/images/explore/sri_basaveshwara_temple_basavana_bagewadi.jpg HTTP/1.1 - 200
[24/Sep/2026 10:24:33] GET /assets/assets/images/explore/mulk_e_maidan_biggest_cannon.jpg HTTP/1.1 - 200
[24/Sep/2026 10:24:33] GET /assets/assets/images/explore/jamiya_masjid_by_ramesh_chavan.jpg HTTP/1.1 - 200
[24/Sep/2026 10:24:33] GET /assets/assets/images/explore/taj_bawdi.jpg HTTP/1.1 - 200
[24/Sep/2026 10:24:33] GET /assets/assets/images/explore/shivagiri.jpg HTTP/1.1 - 200
[24/Sep/2026 10:24:33] GET /assets/assets/images/explore/asar_mahal_pic_by_ramesh_chavan.jpg HTTP/1.1 - 200
[24/Sep/2026 10:24:33] GET /assets/assets/images/explore/gagan_mahal_photo_1.jpg HTTP/1.1 - 200
[24/Sep/2026 10:24:33] GET /assets/assets/images/explore/citadel_moat_water_trench.jpg HTTP/1.1 - 200
[24/Sep/2026 10:24:33] GET / HTTP/1.1 - 200
[24/Sep/2026 10:24:33] GET /assets/assets/images/explore/jod_gumbaz.png HTTP/1.1 - 200
[24/Sep/2026 10:24:33] GET /assets/assets/images/explore/04_Sangeeth_Mahal_Toravi.png HTTP/1.1 - 200
[24/Sep/2026 10:24:34] GET /assets/assets/images/explore/03_Shri_Narasimha_Temple_Toravi_Entrance.jpeg HTTP/1.1 - 200
[24/Sep/2026 10:24:41] GET /assets/assets/images/explore/shivagiri.jpg HTTP/1.1 - 200
[24/Sep/2026 10:24:41] GET /assets/assets/images/explore/jamiya_masjid_by_ramesh_chavan.jpg HTTP/1.1 - 200
[24/Sep/2026 10:24:41] GET /assets/assets/images/explore/asar_mahal_pic_by_ramesh_chavan.jpg HTTP/1.1 - 200
[24/Sep/2026 10:24:41] GET /assets/assets/images/explore/barah_kaman.jpg HTTP/1.1 - 200
[24/Sep/2026 10:35:47] HEAD /assets/images/branding/vijayapura_tourism_logo.jpg HTTP/1.1 - 200
[24/Sep/2026 10:35:47] HEAD /assets/images/branding/karnataka_tourism_logo.png HTTP/1.1 - 200
[24/Sep/2026 10:35:47] HEAD /assets/images/branding/bldeacet_logo.jpg HTTP/1.1 - 200
[24/Sep/2026 10:35:47] HEAD /assets/images/explore/ainapur_tomb.png HTTP/1.1 - 200
[24/Sep/2026 10:35:47] HEAD /assets/images/explore/jahan_begum_tomb.png HTTP/1.1 - 200
[24/Sep/2026 10:36:52] GET / HTTP/1.1 - 200
[24/Sep/2026 10:36:52] GET /flutter_bootstrap.js HTTP/1.1 - 200
[24/Sep/2026 10:36:52] GET /main.dart.js HTTP/1.1 - 200
[24/Sep/2026 10:36:52] GET /manifest.json HTTP/1.1 - 200
[24/Sep/2026 10:36:52] GET /favicon.png HTTP/1.1 - 200
[24/Sep/2026 10:36:52] GET /icons/Icon-192.png HTTP/1.1 - 200
[24/Sep/2026 10:36:53] GET /assets/FontManifest.json HTTP/1.1 - 200
[24/Sep/2026 10:36:53] GET /assets/fonts/MaterialIcons-Regular.otf HTTP/1.1 - 200
[24/Sep/2026 10:36:53] GET /assets/packages/cupertino_icons/assets/CupertinoIcons.ttf HTTP/1.1 - 200
[24/Sep/2026 10:36:55] GET /assets/AssetManifest.bin.json HTTP/1.1 - 200
[24/Sep/2026 10:36:57] GET /assets/assets/images/branding/vijayapura_tourism_logo.jpg HTTP/1.1 - 200
[24/Sep/2026 10:36:57] GET /assets/assets/images/branding/karnataka_tourism_logo.png HTTP/1.1 - 200
[24/Sep/2026 10:36:57] GET /assets/assets/images/branding/bldeacet_logo.jpg HTTP/1.1 - 200
[24/Sep/2026 10:36:57] GET /assets/assets/images/explore/golgumbaz_2_by_ramesh_chavan.jpg HTTP/1.1 - 200
[24/Sep/2026 10:36:57] GET /assets/assets/images/explore/ibrahim_rouza_1_by_ramesh_chavan.jpg HTTP/1.1 - 200
[24/Sep/2026 10:36:57] GET /assets/assets/images/explore/barah_kaman.jpg HTTP/1.1 - 200
[24/Sep/2026 10:36:57] GET /assets/assets/routes/one_day/one_day_vijayapura_route.png HTTP/1.1 - 200
[24/Sep/2026 10:36:59] GET /assets/assets/images/explore/sri_basaveshwara_temple_basavana_bagewadi.jpg HTTP/1.1 - 200
[24/Sep/2026 10:36:59] GET /assets/assets/images/explore/shivagiri.jpg HTTP/1.1 - 200
[24/Sep/2026 10:36:59] GET /assets/assets/images/explore/jamiya_masjid_by_ramesh_chavan.jpg HTTP/1.1 - 200
[24/Sep/2026 10:36:59] GET /assets/assets/images/explore/asar_mahal_pic_by_ramesh_chavan.jpg HTTP/1.1 - 200
[24/Sep/2026 10:37:37] GET /assets/assets/images/explore/golgumbaz_in_tri_color.jpg HTTP/1.1 - 200
[24/Sep/2026 10:37:37] GET /assets/assets/images/monuments/gol_gumbaz.jpg HTTP/1.1 - 200
[24/Sep/2026 10:37:37] GET /assets/assets/images/explore/golgumbaz_3.jpg HTTP/1.1 - 200
[24/Sep/2026 10:37:37] GET /assets/assets/images/explore/dsc_0997.jpg HTTP/1.1 - 200
[24/Sep/2026 10:37:37] GET /assets/assets/images/explore/01_Golgumbaz_Vijayapura.png HTTP/1.1 - 200
[24/Sep/2026 10:37:45] GET /assets/assets/images/explore/golgumbaz_3.jpg HTTP/1.1 - 200
[24/Sep/2026 10:37:45] GET /assets/assets/images/explore/dsc_0997.jpg HTTP/1.1 - 200
[24/Sep/2026 10:37:45] GET /assets/assets/images/monuments/gol_gumbaz.jpg HTTP/1.1 - 200
[24/Sep/2026 10:37:45] GET /assets/assets/images/explore/01_Golgumbaz_Vijayapura.png HTTP/1.1 - 200
[24/Sep/2026 10:39:51] GET / HTTP/1.1 - 200
[24/Sep/2026 10:39:51] GET /flutter_bootstrap.js HTTP/1.1 - 200
[24/Sep/2026 10:39:51] GET /main.dart.js HTTP/1.1 - 200
[24/Sep/2026 10:39:51] GET /manifest.json HTTP/1.1 - 200
[24/Sep/2026 10:39:51] GET /favicon.png HTTP/1.1 - 200
[24/Sep/2026 10:39:53] GET /icons/Icon-192.png HTTP/1.1 - 200
[24/Sep/2026 10:39:54] GET /assets/FontManifest.json HTTP/1.1 - 200
[24/Sep/2026 10:39:54] GET /assets/fonts/MaterialIcons-Regular.otf HTTP/1.1 - 200
[24/Sep/2026 10:39:54] GET /assets/packages/cupertino_icons/assets/CupertinoIcons.ttf HTTP/1.1 - 200
[24/Sep/2026 10:39:56] GET /assets/AssetManifest.bin.json HTTP/1.1 - 200
[24/Sep/2026 10:39:58] GET /assets/assets/images/branding/vijayapura_tourism_logo.jpg HTTP/1.1 - 200
[24/Sep/2026 10:39:58] GET /assets/assets/images/branding/karnataka_tourism_logo.png HTTP/1.1 - 200
[24/Sep/2026 10:39:58] GET /assets/assets/images/branding/bldeacet_logo.jpg HTTP/1.1 - 200
[24/Sep/2026 10:39:58] GET /assets/assets/images/explore/golgumbaz_2_by_ramesh_chavan.jpg HTTP/1.1 - 200
[24/Sep/2026 10:39:58] GET /assets/assets/images/explore/ibrahim_rouza_1_by_ramesh_chavan.jpg HTTP/1.1 - 200
[24/Sep/2026 10:39:58] GET /assets/assets/images/explore/barah_kaman.jpg HTTP/1.1 - 200
[24/Sep/2026 10:39:58] GET /assets/assets/routes/one_day/one_day_vijayapura_route.png HTTP/1.1 - 200
[24/Sep/2026 10:39:59] GET /assets/assets/images/explore/sri_basaveshwara_temple_basavana_bagewadi.jpg HTTP/1.1 - 200
[24/Sep/2026 10:39:59] GET /assets/assets/images/explore/shivagiri.jpg HTTP/1.1 - 200
[24/Sep/2026 10:40:00] GET /assets/assets/images/explore/asar_mahal_pic_by_ramesh_chavan.jpg HTTP/1.1 - 200
[24/Sep/2026 10:40:00] GET /assets/assets/images/explore/jamiya_masjid_by_ramesh_chavan.jpg HTTP/1.1 - 200
[24/Sep/2026 10:40:39] GET /assets/assets/images/explore/golgumbaz_in_tri_color.jpg HTTP/1.1 - 200
[24/Sep/2026 10:40:39] GET /assets/assets/images/monuments/gol_gumbaz.jpg HTTP/1.1 - 200
[24/Sep/2026 10:40:39] GET /assets/assets/images/explore/golgumbaz_3.jpg HTTP/1.1 - 200
[24/Sep/2026 10:40:39] GET /assets/assets/images/explore/01_Golgumbaz_Vijayapura.png HTTP/1.1 - 200
[24/Sep/2026 10:40:39] GET /assets/assets/images/explore/dsc_0997.jpg HTTP/1.1 - 200
[24/Sep/2026 10:40:45] GET /assets/assets/images/explore/golgumbaz_3.jpg HTTP/1.1 - 200
[24/Sep/2026 10:40:45] GET /assets/assets/images/explore/dsc_0997.jpg HTTP/1.1 - 200
[24/Sep/2026 10:40:45] GET /assets/assets/images/monuments/gol_gumbaz.jpg HTTP/1.1 - 200
[24/Sep/2026 10:40:45] GET /assets/assets/images/explore/01_Golgumbaz_Vijayapura.png HTTP/1.1 - 200
[24/Sep/2026 10:46:06] GET /assets/assets/routes/one_day/one_day_vijayapura_route.png HTTP/1.1 - 200
[24/Sep/2026 10:46:06] GET /assets/assets/images/explore/barah_kaman.jpg HTTP/1.1 - 200
[24/Sep/2026 10:46:06] GET /assets/assets/images/explore/ibrahim_rouza_1_by_ramesh_chavan.jpg HTTP/1.1 - 200
[24/Sep/2026 10:46:07] GET /assets/assets/images/explore/sri_basaveshwara_temple_basavana_bagewadi.jpg HTTP/1.1 - 200
[24/Sep/2026 10:46:07] GET /assets/assets/images/explore/mulk_e_maidan_biggest_cannon.jpg HTTP/1.1 - 200
[24/Sep/2026 10:46:07] GET /assets/assets/images/explore/jamiya_masjid_by_ramesh_chavan.jpg HTTP/1.1 - 200
[24/Sep/2026 10:46:09] GET /assets/assets/images/explore/ibrahim_rouza_by_mashood.jpg HTTP/1.1 - 200
[24/Sep/2026 10:46:09] GET /assets/assets/images/explore/ibrahim_rouza_1.jpg HTTP/1.1 - 200
[24/Sep/2026 10:46:09] GET /assets/assets/images/monuments/ibrahim_rauza.jpg HTTP/1.1 - 200
[24/Sep/2026 10:46:09] GET /assets/assets/images/explore/02_Ibrahim_Rouza_Vijayapura.png HTTP/1.1 - 200
[24/Sep/2026 10:46:17] GET /assets/assets/routes/one_day/one_day_vijayapura_route.png HTTP/1.1 - 200
[24/Sep/2026 10:46:17] GET /assets/assets/images/explore/barah_kaman.jpg HTTP/1.1 - 200
[24/Sep/2026 10:46:17] GET /assets/assets/images/branding/karnataka_tourism_logo.png HTTP/1.1 - 200
[24/Sep/2026 10:46:17] GET /assets/assets/images/branding/bldeacet_logo.jpg HTTP/1.1 - 200
[24/Sep/2026 10:46:17] GET /assets/assets/images/branding/vijayapura_tourism_logo.jpg HTTP/1.1 - 200
[24/Sep/2026 10:46:17] GET /assets/assets/images/explore/sri_basaveshwara_temple_basavana_bagewadi.jpg HTTP/1.1 - 200
[24/Sep/2026 10:47:05] GET /assets/assets/images/explore/mulk_e_maidan_biggest_cannon.jpg HTTP/1.1 - 200
[24/Sep/2026 10:47:05] GET /assets/assets/images/explore/jamiya_masjid_by_ramesh_chavan.jpg HTTP/1.1 - 200
[24/Sep/2026 10:47:05] GET /assets/assets/images/explore/taj_bawdi.jpg HTTP/1.1 - 200
[24/Sep/2026 10:47:06] GET /assets/assets/images/explore/shivagiri.jpg HTTP/1.1 - 200
[24/Sep/2026 10:47:06] GET /assets/assets/images/explore/asar_mahal_pic_by_ramesh_chavan.jpg HTTP/1.1 - 200
[24/Sep/2026 10:47:06] GET /assets/assets/images/explore/gagan_mahal_photo_1.jpg HTTP/1.1 - 200
[24/Sep/2026 10:47:07] GET /assets/assets/images/explore/citadel_moat_water_trench.jpg HTTP/1.1 - 200
[24/Sep/2026 10:47:07] GET / HTTP/1.1 - 200
[24/Sep/2026 10:47:07] GET /assets/assets/images/explore/jod_gumbaz.png HTTP/1.1 - 200
[24/Sep/2026 10:47:07] GET /assets/assets/images/explore/04_Sangeeth_Mahal_Toravi.png HTTP/1.1 - 200
[24/Sep/2026 10:48:17] GET /assets/assets/routes/one_day/one_day_vijayapura_route.png HTTP/1.1 - 200
[24/Sep/2026 10:48:17] GET /assets/assets/images/explore/04_Sangeeth_Mahal_Toravi.png HTTP/1.1 - 200
[24/Sep/2026 10:48:17] GET /assets/assets/images/explore/jod_gumbaz.png HTTP/1.1 - 200
[24/Sep/2026 10:48:17] GET /assets/assets/images/explore/citadel_moat_water_trench.jpg HTTP/1.1 - 200
[24/Sep/2026 10:48:17] GET /assets/assets/images/explore/ibrahim_rouza_1_by_ramesh_chavan.jpg HTTP/1.1 - 200
[24/Sep/2026 10:48:24] GET /assets/assets/routes/one_day/one_day_vijayapura_route.png HTTP/1.1 - 200
[24/Sep/2026 10:48:24] GET /assets/assets/images/explore/04_Sangeeth_Mahal_Toravi.png HTTP/1.1 - 200
[24/Sep/2026 10:48:24] GET /assets/assets/images/explore/jod_gumbaz.png HTTP/1.1 - 200
[24/Sep/2026 10:48:24] GET /assets/assets/images/explore/citadel_moat_water_trench.jpg HTTP/1.1 - 200
[24/Sep/2026 10:48:24] GET /assets/assets/images/explore/ibrahim_rouza_1_by_ramesh_chavan.jpg HTTP/1.1 - 200
[24/Sep/2026 10:48:28] GET /assets/assets/images/explore/shivagiri.jpg HTTP/1.1 - 200
[24/Sep/2026 10:48:28] GET /assets/assets/images/explore/jamiya_masjid_by_ramesh_chavan.jpg HTTP/1.1 - 200
[24/Sep/2026 10:48:28] GET /assets/assets/images/explore/asar_mahal_pic_by_ramesh_chavan.jpg HTTP/1.1 - 200
[24/Sep/2026 10:48:28] GET /assets/assets/images/explore/barah_kaman.jpg HTTP/1.1 - 200
[24/Sep/2026 10:53:57] GET /assets/assets/images/branding/vijayapura_tourism_logo.jpg HTTP/1.1 - 200
[24/Sep/2026 10:53:57] GET /assets/assets/images/branding/karnataka_tourism_logo.png HTTP/1.1 - 200
[24/Sep/2026 10:53:57] GET /assets/assets/images/branding/bldeacet_logo.jpg HTTP/1.1 - 200
[24/Sep/2026 10:54:25] GET /assets/assets/routes/two_day_plan_1/two_day_vijayapura_plan_i_route.png HTTP/1.1 - 200
[24/Sep/2026 10:54:27] GET /assets/assets/images/explore/shivagiri.jpg HTTP/1.1 - 200
[24/Sep/2026 10:54:27] GET /assets/assets/images/explore/jamiya_masjid_by_ramesh_chavan.jpg HTTP/1.1 - 200
[24/Sep/2026 10:54:27] GET /assets/assets/images/explore/asar_mahal_pic_by_ramesh_chavan.jpg HTTP/1.1 - 200
[24/Sep/2026 10:54:27] GET /assets/assets/images/explore/gagan_mahal_photo_1.jpg HTTP/1.1 - 200
[24/Sep/2026 10:54:27] GET /assets/assets/images/explore/barah_kaman.jpg HTTP/1.1 - 200
[24/Sep/2026 10:54:31] GET /main.dart.js HTTP/1.1 - 200
[24/Sep/2026 10:54:31] GET /manifest.json HTTP/1.1 - 200
[24/Sep/2026 10:54:31] GET /icons/Icon-192.png HTTP/1.1 - 200
[24/Sep/2026 10:54:31] GET /assets/FontManifest.json HTTP/1.1 - 200
[24/Sep/2026 10:54:31] GET /assets/fonts/MaterialIcons-Regular.otf HTTP/1.1 - 200
[24/Sep/2026 10:54:31] GET /assets/packages/cupertino_icons/assets/CupertinoIcons.ttf HTTP/1.1 - 200
[24/Sep/2026 10:54:32] GET /assets/AssetManifest.bin.json HTTP/1.1 - 200
[24/Sep/2026 10:54:33] GET /assets/assets/images/branding/vijayapura_tourism_logo.jpg HTTP/1.1 - 200
[24/Sep/2026 10:54:33] GET /assets/assets/images/branding/karnataka_tourism_logo.png HTTP/1.1 - 200
[24/Sep/2026 10:54:33] GET /assets/assets/images/branding/bldeacet_logo.jpg HTTP/1.1 - 200
[24/Sep/2026 10:54:33] GET /assets/assets/images/explore/golgumbaz_2_by_ramesh_chavan.jpg HTTP/1.1 - 200
[24/Sep/2026 10:54:33] GET /assets/assets/images/explore/ibrahim_rouza_1_by_ramesh_chavan.jpg HTTP/1.1 - 200
[24/Sep/2026 10:54:33] GET /assets/assets/images/explore/barah_kaman.jpg HTTP/1.1 - 200
[24/Sep/2026 10:54:33] GET /assets/assets/routes/one_day/one_day_vijayapura_route.png HTTP/1.1 - 200
[24/Sep/2026 10:54:33] GET /main.dart.js HTTP/1.1 - 200
[24/Sep/2026 10:54:33] GET /manifest.json HTTP/1.1 - 200
[24/Sep/2026 10:54:33] GET /icons/Icon-192.png HTTP/1.1 - 200
[24/Sep/2026 10:54:33] GET /assets/FontManifest.json HTTP/1.1 - 200
[24/Sep/2026 10:54:33] GET /assets/fonts/MaterialIcons-Regular.otf HTTP/1.1 - 200
[24/Sep/2026 10:54:33] GET /assets/packages/cupertino_icons/assets/CupertinoIcons.ttf HTTP/1.1 - 200
[24/Sep/2026 10:54:34] GET /assets/AssetManifest.bin.json HTTP/1.1 - 200
[24/Sep/2026 10:54:34] GET /assets/assets/images/branding/vijayapura_tourism_logo.jpg HTTP/1.1 - 200
[24/Sep/2026 10:54:34] GET /assets/assets/images/branding/bldeacet_logo.jpg HTTP/1.1 - 200
[24/Sep/2026 10:54:34] GET /assets/assets/images/branding/karnataka_tourism_logo.png HTTP/1.1 - 200
[24/Sep/2026 10:54:34] GET /assets/assets/images/explore/golgumbaz_2_by_ramesh_chavan.jpg HTTP/1.1 - 200
[24/Sep/2026 10:54:34] GET /assets/assets/images/explore/ibrahim_rouza_1_by_ramesh_chavan.jpg HTTP/1.1 - 200
[24/Sep/2026 10:54:34] GET /assets/assets/images/explore/barah_kaman.jpg HTTP/1.1 - 200
[24/Sep/2026 10:54:34] GET /assets/assets/routes/one_day/one_day_vijayapura_route.png HTTP/1.1 - 200
[24/Sep/2026 10:56:11] GET /assets/assets/routes/one_day/one_day_vijayapura_route.png HTTP/1.1 - 200
[24/Sep/2026 10:56:11] GET /assets/assets/images/explore/barah_kaman.jpg HTTP/1.1 - 200
[24/Sep/2026 10:56:11] GET /assets/assets/images/explore/ibrahim_rouza_1_by_ramesh_chavan.jpg HTTP/1.1 - 200
[24/Sep/2026 11:00:41] GET /assets/assets/images/explore/sri_basaveshwara_temple_basavana_bagewadi.jpg HTTP/1.1 - 200
[24/Sep/2026 11:00:41] GET /assets/assets/images/explore/shivagiri.jpg HTTP/1.1 - 200
[24/Sep/2026 11:00:41] GET /assets/assets/images/explore/asar_mahal_pic_by_ramesh_chavan.jpg HTTP/1.1 - 200
[24/Sep/2026 11:00:41] GET /assets/assets/images/explore/jamiya_masjid_by_ramesh_chavan.jpg HTTP/1.1 - 200
[24/Sep/2026 11:02:25] GET /assets/assets/images/explore/sri_basaveshwara_temple_basavana_bagewadi.jpg HTTP/1.1 - 200
[24/Sep/2026 11:02:25] GET /assets/assets/images/explore/mulk_e_maidan_biggest_cannon.jpg HTTP/1.1 - 200
[24/Sep/2026 11:02:25] GET /assets/assets/images/explore/jamiya_masjid_by_ramesh_chavan.jpg HTTP/1.1 - 200
[24/Sep/2026 11:02:25] GET /assets/assets/images/explore/taj_bawdi.jpg HTTP/1.1 - 200
[24/Sep/2026 11:02:26] GET /assets/assets/images/explore/shivagiri.jpg HTTP/1.1 - 200
[24/Sep/2026 11:02:26] GET /assets/assets/images/explore/jamiya_masjid_exterior_1.jpg HTTP/1.1 - 200
[24/Sep/2026 11:02:56] GET /assets/assets/images/explore/golgumbaz_2_by_ramesh_chavan.jpg HTTP/1.1 - 200
[24/Sep/2026 11:02:56] GET /assets/assets/images/explore/ibrahim_rouza_1_by_ramesh_chavan.jpg HTTP/1.1 - 200
[24/Sep/2026 11:02:56] GET /assets/assets/routes/one_day/one_day_vijayapura_route.png HTTP/1.1 - 200
[24/Sep/2026 11:02:56] GET /assets/assets/images/explore/barah_kaman.jpg HTTP/1.1 - 200
[24/Sep/2026 11:03:06] GET /assets/assets/images/explore/golgumbaz_in_tri_color.jpg HTTP/1.1 - 200
[24/Sep/2026 11:03:06] GET /assets/assets/images/explore/golgumbaz_3.jpg HTTP/1.1 - 200
[24/Sep/2026 11:03:06] GET /assets/assets/images/monuments/gol_gumbaz.jpg HTTP/1.1 - 200
[24/Sep/2026 11:03:06] GET /assets/assets/images/explore/01_Golgumbaz_Vijayapura.png HTTP/1.1 - 200
[24/Sep/2026 11:03:06] GET /assets/assets/images/explore/dsc_0997.jpg HTTP/1.1 - 200
[24/Sep/2026 11:03:18] GET /assets/assets/images/explore/golgumbaz_3.jpg HTTP/1.1 - 200
[24/Sep/2026 11:03:18] GET /assets/assets/images/monuments/gol_gumbaz.jpg HTTP/1.1 - 200
[24/Sep/2026 11:03:18] GET /assets/assets/images/explore/01_Golgumbaz_Vijayapura.png HTTP/1.1 - 200
[24/Sep/2026 11:03:18] GET /assets/assets/images/explore/dsc_0997.jpg HTTP/1.1 - 200
[24/Sep/2026 11:07:26] GET /assets/assets/routes/one_day/one_day_vijayapura_route.png HTTP/1.1 - 200
[24/Sep/2026 11:07:26] GET /assets/assets/images/explore/barah_kaman.jpg HTTP/1.1 - 200
[24/Sep/2026 11:07:26] GET /assets/assets/images/explore/ibrahim_rouza_1_by_ramesh_chavan.jpg HTTP/1.1 - 200
[24/Sep/2026 11:07:28] GET /assets/assets/images/explore/sri_basaveshwara_temple_basavana_bagewadi.jpg HTTP/1.1 - 200
[24/Sep/2026 11:07:28] GET /assets/assets/images/explore/mulk_e_maidan_biggest_cannon.jpg HTTP/1.1 - 200
[24/Sep/2026 11:07:28] GET /assets/assets/images/explore/jamiya_masjid_by_ramesh_chavan.jpg HTTP/1.1 - 200
[24/Sep/2026 11:07:29] GET /assets/assets/images/explore/taj_bawdi.jpg HTTP/1.1 - 200
[24/Sep/2026 11:07:29] GET /assets/assets/images/explore/shivagiri.jpg HTTP/1.1 - 200
[24/Sep/2026 11:07:29] GET /assets/assets/images/explore/asar_mahal_pic_by_ramesh_chavan.jpg HTTP/1.1 - 200
[24/Sep/2026 11:07:29] GET /assets/assets/images/explore/gagan_mahal_photo_1.jpg HTTP/1.1 - 200
[24/Sep/2026 11:07:30] GET /assets/assets/images/explore/citadel_moat_water_trench.jpg HTTP/1.1 - 200
[24/Sep/2026 11:07:30] GET / HTTP/1.1 - 200
[24/Sep/2026 11:07:31] GET /assets/assets/images/explore/jod_gumbaz.png HTTP/1.1 - 200
[24/Sep/2026 11:07:43] GET /assets/assets/routes/one_day/one_day_vijayapura_route.png HTTP/1.1 - 200
[24/Sep/2026 11:07:43] GET /assets/assets/images/explore/citadel_moat_water_trench.jpg HTTP/1.1 - 200
[24/Sep/2026 11:07:43] GET /assets/assets/images/explore/jod_gumbaz.png HTTP/1.1 - 200
[24/Sep/2026 11:07:43] GET /assets/assets/images/explore/gagan_mahal_photo_1.jpg HTTP/1.1 - 200
[24/Sep/2026 11:07:43] GET /assets/assets/images/explore/golgumbaz_2_by_ramesh_chavan.jpg HTTP/1.1 - 200
[24/Sep/2026 11:07:57] GET /assets/assets/images/explore/04_Sangeeth_Mahal_Toravi.png HTTP/1.1 - 200
[24/Sep/2026 11:07:57] GET /assets/assets/images/explore/03_Shri_Narasimha_Temple_Toravi_Entrance.jpeg HTTP/1.1 - 200
[24/Sep/2026 11:08:00] GET /assets/assets/images/explore/shivagiri.jpg HTTP/1.1 - 200
[24/Sep/2026 11:08:00] GET /assets/assets/images/explore/jamiya_masjid_by_ramesh_chavan.jpg HTTP/1.1 - 200
[24/Sep/2026 11:08:00] GET /assets/assets/images/explore/asar_mahal_pic_by_ramesh_chavan.jpg HTTP/1.1 - 200
[24/Sep/2026 11:08:00] GET /assets/assets/images/explore/barah_kaman.jpg HTTP/1.1 - 200
[24/Sep/2026 11:08:21] GET /assets/assets/images/discover/smarnika.png HTTP/1.1 - 200
[24/Sep/2026 11:15:21] HEAD / HTTP/1.1 - 200
[24/Sep/2026 11:20:32] GET /assets/assets/images/branding/vijayapura_tourism_logo.jpg HTTP/1.1 - 200
[24/Sep/2026 11:20:32] GET /assets/assets/images/branding/karnataka_tourism_logo.png HTTP/1.1 - 200
[24/Sep/2026 11:20:32] GET /assets/assets/images/branding/bldeacet_logo.jpg HTTP/1.1 - 200
[24/Sep/2026 11:20:40] GET /assets/assets/images/discover/smarnika.png HTTP/1.1 - 200
[24/Sep/2026 11:20:40] GET /assets/assets/routes/one_day/one_day_vijayapura_route.png HTTP/1.1 - 200
[24/Sep/2026 11:20:40] GET /assets/assets/images/explore/03_Shri_Narasimha_Temple_Toravi_Entrance.jpeg HTTP/1.1 - 200
[24/Sep/2026 11:20:40] GET /assets/assets/images/explore/jod_gumbaz.png HTTP/1.1 - 200
[24/Sep/2026 11:20:40] GET /assets/assets/images/explore/04_Sangeeth_Mahal_Toravi.png HTTP/1.1 - 200
[24/Sep/2026 11:20:40] GET /assets/assets/images/explore/golgumbaz_2_by_ramesh_chavan.jpg HTTP/1.1 - 200
[24/Sep/2026 11:20:40] GET /assets/assets/images/explore/shivagiri.jpg HTTP/1.1 - 200
[24/Sep/2026 11:20:40] GET /assets/assets/images/explore/jamiya_masjid_by_ramesh_chavan.jpg HTTP/1.1 - 200
[24/Sep/2026 11:20:40] GET /assets/assets/images/explore/barah_kaman.jpg HTTP/1.1 - 200
[24/Sep/2026 11:20:40] GET /assets/assets/images/explore/asar_mahal_pic_by_ramesh_chavan.jpg HTTP/1.1 - 200
[24/Sep/2026 11:33:58] GET /assets/assets/images/branding/vijayapura_tourism_logo.jpg HTTP/1.1 - 200
[24/Sep/2026 11:33:58] GET /assets/assets/images/branding/karnataka_tourism_logo.png HTTP/1.1 - 200
[24/Sep/2026 11:33:58] GET /assets/assets/images/branding/bldeacet_logo.jpg HTTP/1.1 - 200
[24/Sep/2026 11:54:16] GET /assets/assets/routes/one_day/one_day_vijayapura_route.png HTTP/1.1 - 200
[24/Sep/2026 11:54:16] GET /assets/assets/images/explore/barah_kaman.jpg HTTP/1.1 - 200
[24/Sep/2026 11:54:16] GET /assets/assets/images/explore/ibrahim_rouza_1_by_ramesh_chavan.jpg HTTP/1.1 - 200
[24/Sep/2026 12:33:58] GET /assets/assets/images/discover/smarnika.png HTTP/1.1 - 200
[24/Sep/2026 12:34:13] GET /assets/assets/routes/one_day/one_day_vijayapura_route.png HTTP/1.1 - 200
[24/Sep/2026 12:34:13] GET /assets/assets/images/explore/barah_kaman.jpg HTTP/1.1 - 200
[24/Sep/2026 12:34:13] GET /assets/assets/images/explore/ibrahim_rouza_1_by_ramesh_chavan.jpg HTTP/1.1 - 200
[24/Sep/2026 12:34:38] GET /assets/assets/images/explore/sri_basaveshwara_temple_basavana_bagewadi.jpg HTTP/1.1 - 200
[24/Sep/2026 12:34:38] GET /assets/assets/images/explore/mulk_e_maidan_biggest_cannon.jpg HTTP/1.1 - 200
[24/Sep/2026 12:34:38] GET /assets/assets/images/explore/jamiya_masjid_by_ramesh_chavan.jpg HTTP/1.1 - 200
[24/Sep/2026 12:34:41] GET /assets/assets/images/explore/shivagiri.jpg HTTP/1.1 - 200
[24/Sep/2026 12:34:41] GET /assets/assets/images/explore/jamiya_masjid_by_ramesh_chavan.jpg HTTP/1.1 - 200
[24/Sep/2026 12:34:41] GET /assets/assets/images/explore/asar_mahal_pic_by_ramesh_chavan.jpg HTTP/1.1 - 200
[24/Sep/2026 12:34:43] GET /assets/assets/images/discover/smarnika.png HTTP/1.1 - 200
[24/Sep/2026 12:34:43] GET /assets/assets/images/explore/03_Shri_Narasimha_Temple_Toravi_Entrance.jpeg HTTP/1.1 - 200
[24/Sep/2026 12:34:43] GET /assets/assets/images/explore/jod_gumbaz.png HTTP/1.1 - 200
[24/Sep/2026 12:34:43] GET /assets/assets/images/explore/04_Sangeeth_Mahal_Toravi.png HTTP/1.1 - 200
[24/Sep/2026 12:34:46] GET /assets/assets/routes/two_day_plan_1/two_day_vijayapura_plan_i_route.png HTTP/1.1 - 200
[24/Sep/2026 12:34:46] GET /assets/assets/images/explore/gagan_mahal_photo_1.jpg HTTP/1.1 - 200
[24/Sep/2026 12:34:46] GET /assets/assets/images/explore/barah_kaman.jpg HTTP/1.1 - 200
[24/Sep/2026 12:34:46] GET /assets/assets/images/explore/citadel_moat_water_trench.jpg HTTP/1.1 - 200
[24/Sep/2026 12:34:46] GET /assets/assets/images/explore/taj_bawdi.jpg HTTP/1.1 - 200
[24/Sep/2026 12:34:47] GET /assets/assets/routes/two_day_plan_2/two_day_vijayapura_plan_ii_route.png HTTP/1.1 - 200
[24/Sep/2026 12:34:47] GET /assets/assets/images/explore/upli_burj.jpg HTTP/1.1 - 200
[24/Sep/2026 12:34:48] GET /assets/assets/routes/three_day/three_day_vijayapura_route.png HTTP/1.1 - 200
[24/Sep/2026 12:48:13] GET /assets/assets/images/explore/golgumbaz_3.jpg HTTP/1.1 - 200
[24/Sep/2026 12:48:13] GET /assets/assets/images/explore/golgumbaz_in_tri_color.jpg HTTP/1.1 - 200
[24/Sep/2026 12:48:13] GET /assets/assets/images/monuments/gol_gumbaz.jpg HTTP/1.1 - 200
[24/Sep/2026 12:48:13] GET /assets/assets/images/explore/01_Golgumbaz_Vijayapura.png HTTP/1.1 - 200
[24/Sep/2026 12:48:13] GET /assets/assets/images/explore/dsc_0997.jpg HTTP/1.1 - 200
[24/Sep/2026 12:48:25] GET / HTTP/1.1 - 200
[24/Sep/2026 12:48:25] GET /flutter_bootstrap.js HTTP/1.1 - 200
[24/Sep/2026 12:48:25] GET /manifest.json HTTP/1.1 - 200
[24/Sep/2026 12:48:25] GET /main.dart.js HTTP/1.1 - 200
[24/Sep/2026 12:48:25] GET /favicon.png HTTP/1.1 - 200
[24/Sep/2026 12:48:25] GET /icons/Icon-192.png HTTP/1.1 - 200
[24/Sep/2026 12:48:26] GET /assets/FontManifest.json HTTP/1.1 - 200
[24/Sep/2026 12:48:26] GET /assets/fonts/MaterialIcons-Regular.otf HTTP/1.1 - 200
[24/Sep/2026 12:48:26] GET /assets/packages/cupertino_icons/assets/CupertinoIcons.ttf HTTP/1.1 - 200
[24/Sep/2026 12:48:27] GET /assets/AssetManifest.bin.json HTTP/1.1 - 200
[24/Sep/2026 12:48:28] GET /assets/assets/images/branding/vijayapura_tourism_logo.jpg HTTP/1.1 - 200
[24/Sep/2026 12:48:28] GET /assets/assets/images/branding/karnataka_tourism_logo.png HTTP/1.1 - 200
[24/Sep/2026 12:48:28] GET /assets/assets/images/branding/bldeacet_logo.jpg HTTP/1.1 - 200
[24/Sep/2026 12:48:28] GET /assets/assets/images/explore/golgumbaz_2_by_ramesh_chavan.jpg HTTP/1.1 - 200
[24/Sep/2026 12:48:28] GET /assets/assets/images/explore/ibrahim_rouza_1_by_ramesh_chavan.jpg HTTP/1.1 - 200
[24/Sep/2026 12:48:28] GET /assets/assets/images/explore/barah_kaman.jpg HTTP/1.1 - 200
[24/Sep/2026 12:48:28] GET /assets/assets/routes/one_day/one_day_vijayapura_route.png HTTP/1.1 - 200
[24/Sep/2026 12:48:30] GET /assets/assets/images/explore/golgumbaz_3.jpg HTTP/1.1 - 200
[24/Sep/2026 12:48:30] GET /assets/assets/images/explore/golgumbaz_in_tri_color.jpg HTTP/1.1 - 200
[24/Sep/2026 12:48:30] GET /assets/assets/images/explore/dsc_0997.jpg HTTP/1.1 - 200
[24/Sep/2026 12:48:30] GET /assets/assets/images/monuments/gol_gumbaz.jpg HTTP/1.1 - 200
[24/Sep/2026 12:48:30] GET /assets/assets/images/explore/01_Golgumbaz_Vijayapura.png HTTP/1.1 - 200
[24/Sep/2026 12:48:40] GET /assets/assets/images/explore/ibrahim_rouza_1_by_ramesh_chavan.jpg HTTP/1.1 - 200
[24/Sep/2026 12:48:40] GET /assets/assets/routes/one_day/one_day_vijayapura_route.png HTTP/1.1 - 200
[24/Sep/2026 12:48:40] GET /assets/assets/images/explore/barah_kaman.jpg HTTP/1.1 - 200
[24/Sep/2026 12:48:44] GET /assets/assets/images/explore/sri_basaveshwara_temple_basavana_bagewadi.jpg HTTP/1.1 - 200
[24/Sep/2026 12:48:45] GET /assets/assets/images/explore/ibrahim_rouza_by_mashood.jpg HTTP/1.1 - 200
[24/Sep/2026 12:48:45] GET /assets/assets/images/explore/ibrahim_rouza_1.jpg HTTP/1.1 - 200
[24/Sep/2026 12:48:45] GET /assets/assets/images/monuments/ibrahim_rauza.jpg HTTP/1.1 - 200
[24/Sep/2026 12:48:45] GET /assets/assets/images/explore/02_Ibrahim_Rouza_Vijayapura.png HTTP/1.1 - 200
[24/Sep/2026 12:49:05] GET /assets/assets/routes/one_day/one_day_vijayapura_route.png HTTP/1.1 - 200
[24/Sep/2026 12:49:05] GET /assets/assets/images/explore/golgumbaz_2_by_ramesh_chavan.jpg HTTP/1.1 - 200
[24/Sep/2026 12:49:05] GET /assets/assets/images/explore/sri_basaveshwara_temple_basavana_bagewadi.jpg HTTP/1.1 - 200
[24/Sep/2026 12:49:05] GET /assets/assets/images/explore/barah_kaman.jpg HTTP/1.1 - 200
